Performing C++ SOURCE FILE Test CMAKE_HAVE_LIBC_PTHREAD failed with the following output:
Change Dir: /home/jsliang/GPU-DPO/build/CMakeFiles/CMakeScratch/TryCompile-0DqQxh

Run Build Command(s):/usr/bin/gmake -f Makefile cmTC_e0821/fast && /usr/bin/gmake  -f CMakeFiles/cmTC_e0821.dir/build.make CMakeFiles/cmTC_e0821.dir/build
gmake[1]: Entering directory '/home/jsliang/GPU-DPO/build/CMakeFiles/CMakeScratch/TryCompile-0DqQxh'
Building CXX object CMakeFiles/cmTC_e0821.dir/src.cxx.o
/home/tool/gcc/gcc-9.3.0/bin/x86_64-pc-linux-gnu-g++ -DCMAKE_HAVE_LIBC_PTHREAD  -std=c++17 -o CMakeFiles/cmTC_e0821.dir/src.cxx.o -c /home/jsliang/GPU-DPO/build/CMakeFiles/CMakeScratch/TryCompile-0DqQxh/src.cxx
Linking CXX executable cmTC_e0821
/home/tool/cmake/cmake-3.25.1-linux-x86_64/bin/cmake -E cmake_link_script CMakeFiles/cmTC_e0821.dir/link.txt --verbose=1
/home/tool/gcc/gcc-9.3.0/bin/x86_64-pc-linux-gnu-g++ CMakeFiles/cmTC_e0821.dir/src.cxx.o -o cmTC_e0821 
CMakeFiles/cmTC_e0821.dir/src.cxx.o: In function `main':
src.cxx:(.text+0x2d): undefined reference to `pthread_create'
src.cxx:(.text+0x39): undefined reference to `pthread_detach'
src.cxx:(.text+0x45): undefined reference to `pthread_cancel'
src.cxx:(.text+0x56): undefined reference to `pthread_join'
collect2: error: ld returned 1 exit status
gmake[1]: *** [CMakeFiles/cmTC_e0821.dir/build.make:99: cmTC_e0821] Error 1
gmake[1]: Leaving directory '/home/jsliang/GPU-DPO/build/CMakeFiles/CMakeScratch/TryCompile-0DqQxh'
gmake: *** [Makefile:127: cmTC_e0821/fast] Error 2


Source file was:
#include <pthread.h>

static void* test_func(void* data)
{
  return data;
}

int main(void)
{
  pthread_t thread;
  pthread_create(&thread, NULL, test_func, NULL);
  pthread_detach(thread);
  pthread_cancel(thread);
  pthread_join(thread, NULL);
  pthread_atfork(NULL, NULL, NULL);
  pthread_exit(NULL);

  return 0;
}


Determining if the function pthread_create exists in the pthreads failed with the following output:
Change Dir: /home/jsliang/GPU-DPO/build/CMakeFiles/CMakeScratch/TryCompile-JXVq3r

Run Build Command(s):/usr/bin/gmake -f Makefile cmTC_1159f/fast && /usr/bin/gmake  -f CMakeFiles/cmTC_1159f.dir/build.make CMakeFiles/cmTC_1159f.dir/build
gmake[1]: Entering directory '/home/jsliang/GPU-DPO/build/CMakeFiles/CMakeScratch/TryCompile-JXVq3r'
Building CXX object CMakeFiles/cmTC_1159f.dir/CheckFunctionExists.cxx.o
/home/tool/gcc/gcc-9.3.0/bin/x86_64-pc-linux-gnu-g++   -DCHECK_FUNCTION_EXISTS=pthread_create -std=c++17 -o CMakeFiles/cmTC_1159f.dir/CheckFunctionExists.cxx.o -c /home/jsliang/GPU-DPO/build/CMakeFiles/CMakeScratch/TryCompile-JXVq3r/CheckFunctionExists.cxx
Linking CXX executable cmTC_1159f
/home/tool/cmake/cmake-3.25.1-linux-x86_64/bin/cmake -E cmake_link_script CMakeFiles/cmTC_1159f.dir/link.txt --verbose=1
/home/tool/gcc/gcc-9.3.0/bin/x86_64-pc-linux-gnu-g++  -DCHECK_FUNCTION_EXISTS=pthread_create CMakeFiles/cmTC_1159f.dir/CheckFunctionExists.cxx.o -o cmTC_1159f  -lpthreads 
/home/tool/binutils/binutils-2.27/bin/ld: cannot find -lpthreads
collect2: error: ld returned 1 exit status
gmake[1]: *** [CMakeFiles/cmTC_1159f.dir/build.make:99: cmTC_1159f] Error 1
gmake[1]: Leaving directory '/home/jsliang/GPU-DPO/build/CMakeFiles/CMakeScratch/TryCompile-JXVq3r'
gmake: *** [Makefile:127: cmTC_1159f/fast] Error 2



Performing C SOURCE FILE Test C_COMPILER_SUPPORTS__-Wno-c++11-narrowing failed with the following output:
Change Dir: /home/jsliang/GPU-DPO/build/CMakeFiles/CMakeScratch/TryCompile-TTf1GL

Run Build Command(s):/usr/bin/gmake -f Makefile cmTC_f49d2/fast && /usr/bin/gmake  -f CMakeFiles/cmTC_f49d2.dir/build.make CMakeFiles/cmTC_f49d2.dir/build
gmake[1]: Entering directory '/home/jsliang/GPU-DPO/build/CMakeFiles/CMakeScratch/TryCompile-TTf1GL'
Building C object CMakeFiles/cmTC_f49d2.dir/src.c.o
/home/tool/gcc/gcc-9.3.0/bin/x86_64-pc-linux-gnu-gcc   -DC_COMPILER_SUPPORTS__-Wno-c++11-narrowing -Wno-c++11-narrowing -o CMakeFiles/cmTC_f49d2.dir/src.c.o -c /home/jsliang/GPU-DPO/build/CMakeFiles/CMakeScratch/TryCompile-TTf1GL/src.c
<command-line>: warning: ISO C99 requires whitespace after the macro name
cc1: warning: unrecognized command line option '-Wno-c++11-narrowing'
Linking C executable cmTC_f49d2
/home/tool/cmake/cmake-3.25.1-linux-x86_64/bin/cmake -E cmake_link_script CMakeFiles/cmTC_f49d2.dir/link.txt --verbose=1
/home/tool/gcc/gcc-9.3.0/bin/x86_64-pc-linux-gnu-gcc CMakeFiles/cmTC_f49d2.dir/src.c.o -o cmTC_f49d2 
gmake[1]: Leaving directory '/home/jsliang/GPU-DPO/build/CMakeFiles/CMakeScratch/TryCompile-TTf1GL'


Source file was:
int main(void) { return 0; }

Performing C++ SOURCE FILE Test CXX_COMPILER_SUPPORTS__-Wno-c++11-narrowing failed with the following output:
Change Dir: /home/jsliang/GPU-DPO/build/CMakeFiles/CMakeScratch/TryCompile-iBCugH

Run Build Command(s):/usr/bin/gmake -f Makefile cmTC_a361d/fast && /usr/bin/gmake  -f CMakeFiles/cmTC_a361d.dir/build.make CMakeFiles/cmTC_a361d.dir/build
gmake[1]: Entering directory '/home/jsliang/GPU-DPO/build/CMakeFiles/CMakeScratch/TryCompile-iBCugH'
Building CXX object CMakeFiles/cmTC_a361d.dir/src.cxx.o
/home/tool/gcc/gcc-9.3.0/bin/x86_64-pc-linux-gnu-g++   -DCXX_COMPILER_SUPPORTS__-Wno-c++11-narrowing -Wno-c++11-narrowing -o CMakeFiles/cmTC_a361d.dir/src.cxx.o -c /home/jsliang/GPU-DPO/build/CMakeFiles/CMakeScratch/TryCompile-iBCugH/src.cxx
<command-line>: warning: ISO C++11 requires whitespace after the macro name
cc1plus: warning: unrecognized command line option '-Wno-c++11-narrowing'
Linking CXX executable cmTC_a361d
/home/tool/cmake/cmake-3.25.1-linux-x86_64/bin/cmake -E cmake_link_script CMakeFiles/cmTC_a361d.dir/link.txt --verbose=1
/home/tool/gcc/gcc-9.3.0/bin/x86_64-pc-linux-gnu-g++ CMakeFiles/cmTC_a361d.dir/src.cxx.o -o cmTC_a361d 
gmake[1]: Leaving directory '/home/jsliang/GPU-DPO/build/CMakeFiles/CMakeScratch/TryCompile-iBCugH'


Source file was:
int main() { return 0; }

Performing C SOURCE FILE Test C_COMPILER_SUPPORTS__-Wno-register failed with the following output:
Change Dir: /home/jsliang/GPU-DPO/build/CMakeFiles/CMakeScratch/TryCompile-9HeQrx

Run Build Command(s):/usr/bin/gmake -f Makefile cmTC_6c464/fast && /usr/bin/gmake  -f CMakeFiles/cmTC_6c464.dir/build.make CMakeFiles/cmTC_6c464.dir/build
gmake[1]: Entering directory '/home/jsliang/GPU-DPO/build/CMakeFiles/CMakeScratch/TryCompile-9HeQrx'
Building C object CMakeFiles/cmTC_6c464.dir/src.c.o
/home/tool/gcc/gcc-9.3.0/bin/x86_64-pc-linux-gnu-gcc   -DC_COMPILER_SUPPORTS__-Wno-register -Wno-register -o CMakeFiles/cmTC_6c464.dir/src.c.o -c /home/jsliang/GPU-DPO/build/CMakeFiles/CMakeScratch/TryCompile-9HeQrx/src.c
cc1: warning: command line option '-Wno-register' is valid for C++/ObjC++ but not for C
<command-line>: warning: ISO C99 requires whitespace after the macro name
Linking C executable cmTC_6c464
/home/tool/cmake/cmake-3.25.1-linux-x86_64/bin/cmake -E cmake_link_script CMakeFiles/cmTC_6c464.dir/link.txt --verbose=1
/home/tool/gcc/gcc-9.3.0/bin/x86_64-pc-linux-gnu-gcc CMakeFiles/cmTC_6c464.dir/src.c.o -o cmTC_6c464 
gmake[1]: Leaving directory '/home/jsliang/GPU-DPO/build/CMakeFiles/CMakeScratch/TryCompile-9HeQrx'


Source file was:
int main(void) { return 0; }

Performing C SOURCE FILE Test C_COMPILER_SUPPORTS__-Wno-reserved-user-defined-literal failed with the following output:
Change Dir: /home/jsliang/GPU-DPO/build/CMakeFiles/CMakeScratch/TryCompile-FMfkOT

Run Build Command(s):/usr/bin/gmake -f Makefile cmTC_58200/fast && /usr/bin/gmake  -f CMakeFiles/cmTC_58200.dir/build.make CMakeFiles/cmTC_58200.dir/build
gmake[1]: Entering directory '/home/jsliang/GPU-DPO/build/CMakeFiles/CMakeScratch/TryCompile-FMfkOT'
Building C object CMakeFiles/cmTC_58200.dir/src.c.o
/home/tool/gcc/gcc-9.3.0/bin/x86_64-pc-linux-gnu-gcc   -DC_COMPILER_SUPPORTS__-Wno-reserved-user-defined-literal -Wno-reserved-user-defined-literal -o CMakeFiles/cmTC_58200.dir/src.c.o -c /home/jsliang/GPU-DPO/build/CMakeFiles/CMakeScratch/TryCompile-FMfkOT/src.c
<command-line>: warning: ISO C99 requires whitespace after the macro name
cc1: warning: unrecognized command line option '-Wno-reserved-user-defined-literal'
Linking C executable cmTC_58200
/home/tool/cmake/cmake-3.25.1-linux-x86_64/bin/cmake -E cmake_link_script CMakeFiles/cmTC_58200.dir/link.txt --verbose=1
/home/tool/gcc/gcc-9.3.0/bin/x86_64-pc-linux-gnu-gcc CMakeFiles/cmTC_58200.dir/src.c.o -o cmTC_58200 
gmake[1]: Leaving directory '/home/jsliang/GPU-DPO/build/CMakeFiles/CMakeScratch/TryCompile-FMfkOT'


Source file was:
int main(void) { return 0; }

Performing C++ SOURCE FILE Test CXX_COMPILER_SUPPORTS__-Wno-reserved-user-defined-literal failed with the following output:
Change Dir: /home/jsliang/GPU-DPO/build/CMakeFiles/CMakeScratch/TryCompile-nAyolG

Run Build Command(s):/usr/bin/gmake -f Makefile cmTC_c1bb4/fast && /usr/bin/gmake  -f CMakeFiles/cmTC_c1bb4.dir/build.make CMakeFiles/cmTC_c1bb4.dir/build
gmake[1]: Entering directory '/home/jsliang/GPU-DPO/build/CMakeFiles/CMakeScratch/TryCompile-nAyolG'
Building CXX object CMakeFiles/cmTC_c1bb4.dir/src.cxx.o
/home/tool/gcc/gcc-9.3.0/bin/x86_64-pc-linux-gnu-g++   -DCXX_COMPILER_SUPPORTS__-Wno-reserved-user-defined-literal -Wno-reserved-user-defined-literal -o CMakeFiles/cmTC_c1bb4.dir/src.cxx.o -c /home/jsliang/GPU-DPO/build/CMakeFiles/CMakeScratch/TryCompile-nAyolG/src.cxx
<command-line>: warning: ISO C++11 requires whitespace after the macro name
cc1plus: warning: unrecognized command line option '-Wno-reserved-user-defined-literal'
Linking CXX executable cmTC_c1bb4
/home/tool/cmake/cmake-3.25.1-linux-x86_64/bin/cmake -E cmake_link_script CMakeFiles/cmTC_c1bb4.dir/link.txt --verbose=1
/home/tool/gcc/gcc-9.3.0/bin/x86_64-pc-linux-gnu-g++ CMakeFiles/cmTC_c1bb4.dir/src.cxx.o -o cmTC_c1bb4 
gmake[1]: Leaving directory '/home/jsliang/GPU-DPO/build/CMakeFiles/CMakeScratch/TryCompile-nAyolG'


Source file was:
int main() { return 0; }

Performing C SOURCE FILE Test C_COMPILER_SUPPORTS__-fpermissive failed with the following output:
Change Dir: /home/jsliang/GPU-DPO/build/CMakeFiles/CMakeScratch/TryCompile-8cskjV

Run Build Command(s):/usr/bin/gmake -f Makefile cmTC_3766f/fast && /usr/bin/gmake  -f CMakeFiles/cmTC_3766f.dir/build.make CMakeFiles/cmTC_3766f.dir/build
gmake[1]: Entering directory '/home/jsliang/GPU-DPO/build/CMakeFiles/CMakeScratch/TryCompile-8cskjV'
Building C object CMakeFiles/cmTC_3766f.dir/src.c.o
/home/tool/gcc/gcc-9.3.0/bin/x86_64-pc-linux-gnu-gcc   -DC_COMPILER_SUPPORTS__-fpermissive -fpermissive -o CMakeFiles/cmTC_3766f.dir/src.c.o -c /home/jsliang/GPU-DPO/build/CMakeFiles/CMakeScratch/TryCompile-8cskjV/src.c
cc1: warning: command line option '-fpermissive' is valid for C++/ObjC++ but not for C
<command-line>: warning: ISO C99 requires whitespace after the macro name
Linking C executable cmTC_3766f
/home/tool/cmake/cmake-3.25.1-linux-x86_64/bin/cmake -E cmake_link_script CMakeFiles/cmTC_3766f.dir/link.txt --verbose=1
/home/tool/gcc/gcc-9.3.0/bin/x86_64-pc-linux-gnu-gcc CMakeFiles/cmTC_3766f.dir/src.c.o -o cmTC_3766f 
gmake[1]: Leaving directory '/home/jsliang/GPU-DPO/build/CMakeFiles/CMakeScratch/TryCompile-8cskjV'


Source file was:
int main(void) { return 0; }

Performing C SOURCE FILE Test C_COMPILER_SUPPORTS__-x failed with the following output:
Change Dir: /home/jsliang/GPU-DPO/build/CMakeFiles/CMakeScratch/TryCompile-5Mjgan

Run Build Command(s):/usr/bin/gmake -f Makefile cmTC_b9987/fast && /usr/bin/gmake  -f CMakeFiles/cmTC_b9987.dir/build.make CMakeFiles/cmTC_b9987.dir/build
gmake[1]: Entering directory '/home/jsliang/GPU-DPO/build/CMakeFiles/CMakeScratch/TryCompile-5Mjgan'
Building C object CMakeFiles/cmTC_b9987.dir/src.c.o
/home/tool/gcc/gcc-9.3.0/bin/x86_64-pc-linux-gnu-gcc   -DC_COMPILER_SUPPORTS__-x -x -o CMakeFiles/cmTC_b9987.dir/src.c.o -c /home/jsliang/GPU-DPO/build/CMakeFiles/CMakeScratch/TryCompile-5Mjgan/src.c
x86_64-pc-linux-gnu-gcc: error: CMakeFiles/cmTC_b9987.dir/src.c.o: No such file or directory
gmake[1]: *** [CMakeFiles/cmTC_b9987.dir/build.make:78: CMakeFiles/cmTC_b9987.dir/src.c.o] Error 1
gmake[1]: Leaving directory '/home/jsliang/GPU-DPO/build/CMakeFiles/CMakeScratch/TryCompile-5Mjgan'
gmake: *** [Makefile:127: cmTC_b9987/fast] Error 2


Source file was:
int main(void) { return 0; }

Performing C++ SOURCE FILE Test CXX_COMPILER_SUPPORTS__-x failed with the following output:
Change Dir: /home/jsliang/GPU-DPO/build/CMakeFiles/CMakeScratch/TryCompile-jDlDOW

Run Build Command(s):/usr/bin/gmake -f Makefile cmTC_30311/fast && /usr/bin/gmake  -f CMakeFiles/cmTC_30311.dir/build.make CMakeFiles/cmTC_30311.dir/build
gmake[1]: Entering directory '/home/jsliang/GPU-DPO/build/CMakeFiles/CMakeScratch/TryCompile-jDlDOW'
Building CXX object CMakeFiles/cmTC_30311.dir/src.cxx.o
/home/tool/gcc/gcc-9.3.0/bin/x86_64-pc-linux-gnu-g++   -DCXX_COMPILER_SUPPORTS__-x -x -o CMakeFiles/cmTC_30311.dir/src.cxx.o -c /home/jsliang/GPU-DPO/build/CMakeFiles/CMakeScratch/TryCompile-jDlDOW/src.cxx
x86_64-pc-linux-gnu-g++: error: CMakeFiles/cmTC_30311.dir/src.cxx.o: No such file or directory
gmake[1]: *** [CMakeFiles/cmTC_30311.dir/build.make:78: CMakeFiles/cmTC_30311.dir/src.cxx.o] Error 1
gmake[1]: Leaving directory '/home/jsliang/GPU-DPO/build/CMakeFiles/CMakeScratch/TryCompile-jDlDOW'
gmake: *** [Makefile:127: cmTC_30311/fast] Error 2


Source file was:
int main() { return 0; }

Performing C SOURCE FILE Test C_COMPILER_SUPPORTS__c++ failed with the following output:
Change Dir: /home/jsliang/GPU-DPO/build/CMakeFiles/CMakeScratch/TryCompile-iaYS58

Run Build Command(s):/usr/bin/gmake -f Makefile cmTC_c6505/fast && /usr/bin/gmake  -f CMakeFiles/cmTC_c6505.dir/build.make CMakeFiles/cmTC_c6505.dir/build
gmake[1]: Entering directory '/home/jsliang/GPU-DPO/build/CMakeFiles/CMakeScratch/TryCompile-iaYS58'
Building C object CMakeFiles/cmTC_c6505.dir/src.c.o
/home/tool/gcc/gcc-9.3.0/bin/x86_64-pc-linux-gnu-gcc   -DC_COMPILER_SUPPORTS__c++ c++ -o CMakeFiles/cmTC_c6505.dir/src.c.o -c /home/jsliang/GPU-DPO/build/CMakeFiles/CMakeScratch/TryCompile-iaYS58/src.c
x86_64-pc-linux-gnu-gcc: error: c++: No such file or directory
gmake[1]: *** [CMakeFiles/cmTC_c6505.dir/build.make:78: CMakeFiles/cmTC_c6505.dir/src.c.o] Error 1
gmake[1]: Leaving directory '/home/jsliang/GPU-DPO/build/CMakeFiles/CMakeScratch/TryCompile-iaYS58'
gmake: *** [Makefile:127: cmTC_c6505/fast] Error 2


Source file was:
int main(void) { return 0; }

Performing C++ SOURCE FILE Test CXX_COMPILER_SUPPORTS__c++ failed with the following output:
Change Dir: /home/jsliang/GPU-DPO/build/CMakeFiles/CMakeScratch/TryCompile-Bo2jUR

Run Build Command(s):/usr/bin/gmake -f Makefile cmTC_36b72/fast && /usr/bin/gmake  -f CMakeFiles/cmTC_36b72.dir/build.make CMakeFiles/cmTC_36b72.dir/build
gmake[1]: Entering directory '/home/jsliang/GPU-DPO/build/CMakeFiles/CMakeScratch/TryCompile-Bo2jUR'
Building CXX object CMakeFiles/cmTC_36b72.dir/src.cxx.o
/home/tool/gcc/gcc-9.3.0/bin/x86_64-pc-linux-gnu-g++   -DCXX_COMPILER_SUPPORTS__c++ c++ -o CMakeFiles/cmTC_36b72.dir/src.cxx.o -c /home/jsliang/GPU-DPO/build/CMakeFiles/CMakeScratch/TryCompile-Bo2jUR/src.cxx
x86_64-pc-linux-gnu-g++: error: c++: No such file or directory
gmake[1]: *** [CMakeFiles/cmTC_36b72.dir/build.make:78: CMakeFiles/cmTC_36b72.dir/src.cxx.o] Error 1
gmake[1]: Leaving directory '/home/jsliang/GPU-DPO/build/CMakeFiles/CMakeScratch/TryCompile-Bo2jUR'
gmake: *** [Makefile:127: cmTC_36b72/fast] Error 2


Source file was:
int main() { return 0; }

Performing C SOURCE FILE Test C_COMPILER_SUPPORTS__-std=c++17 failed with the following output:
Change Dir: /home/jsliang/GPU-DPO/build/CMakeFiles/CMakeScratch/TryCompile-B6tt9b

Run Build Command(s):/usr/bin/gmake -f Makefile cmTC_37ff1/fast && /usr/bin/gmake  -f CMakeFiles/cmTC_37ff1.dir/build.make CMakeFiles/cmTC_37ff1.dir/build
gmake[1]: Entering directory '/home/jsliang/GPU-DPO/build/CMakeFiles/CMakeScratch/TryCompile-B6tt9b'
Building C object CMakeFiles/cmTC_37ff1.dir/src.c.o
/home/tool/gcc/gcc-9.3.0/bin/x86_64-pc-linux-gnu-gcc   -DC_COMPILER_SUPPORTS__-std=c++17 -std=c++17 -o CMakeFiles/cmTC_37ff1.dir/src.c.o -c /home/jsliang/GPU-DPO/build/CMakeFiles/CMakeScratch/TryCompile-B6tt9b/src.c
cc1: warning: command line option '-std=c++17' is valid for C++/ObjC++ but not for C
<command-line>: warning: ISO C99 requires whitespace after the macro name
Linking C executable cmTC_37ff1
/home/tool/cmake/cmake-3.25.1-linux-x86_64/bin/cmake -E cmake_link_script CMakeFiles/cmTC_37ff1.dir/link.txt --verbose=1
/home/tool/gcc/gcc-9.3.0/bin/x86_64-pc-linux-gnu-gcc CMakeFiles/cmTC_37ff1.dir/src.c.o -o cmTC_37ff1 
gmake[1]: Leaving directory '/home/jsliang/GPU-DPO/build/CMakeFiles/CMakeScratch/TryCompile-B6tt9b'


Source file was:
int main(void) { return 0; }

Performing C SOURCE FILE Test C_COMPILER_SUPPORTS__-std=c++17 failed with the following output:
Change Dir: /home/jsliang/GPU-DPO/build/CMakeFiles/CMakeScratch/TryCompile-RrwgVr

Run Build Command(s):/usr/bin/gmake -f Makefile cmTC_c07fb/fast && /usr/bin/gmake  -f CMakeFiles/cmTC_c07fb.dir/build.make CMakeFiles/cmTC_c07fb.dir/build
gmake[1]: Entering directory '/home/jsliang/GPU-DPO/build/CMakeFiles/CMakeScratch/TryCompile-RrwgVr'
Building C object CMakeFiles/cmTC_c07fb.dir/src.c.o
/home/tool/gcc/gcc-9.3.0/bin/x86_64-pc-linux-gnu-gcc   -DC_COMPILER_SUPPORTS__-std=c++17 -std=c++17 -o CMakeFiles/cmTC_c07fb.dir/src.c.o -c /home/jsliang/GPU-DPO/build/CMakeFiles/CMakeScratch/TryCompile-RrwgVr/src.c
cc1: warning: command line option '-std=c++17' is valid for C++/ObjC++ but not for C
<command-line>: warning: ISO C99 requires whitespace after the macro name
Linking C executable cmTC_c07fb
/home/tool/cmake/cmake-3.25.1-linux-x86_64/bin/cmake -E cmake_link_script CMakeFiles/cmTC_c07fb.dir/link.txt --verbose=1
/home/tool/gcc/gcc-9.3.0/bin/x86_64-pc-linux-gnu-gcc CMakeFiles/cmTC_c07fb.dir/src.c.o -o cmTC_c07fb 
gmake[1]: Leaving directory '/home/jsliang/GPU-DPO/build/CMakeFiles/CMakeScratch/TryCompile-RrwgVr'


Source file was:
int main(void) { return 0; }

Performing C SOURCE FILE Test C_COMPILER_SUPPORTS__-std=c++17 failed with the following output:
Change Dir: /home/jsliang/GPU-DPO/build/CMakeFiles/CMakeScratch/TryCompile-hZ3Fma

Run Build Command(s):/usr/bin/gmake -f Makefile cmTC_f519b/fast && /usr/bin/gmake  -f CMakeFiles/cmTC_f519b.dir/build.make CMakeFiles/cmTC_f519b.dir/build
gmake[1]: Entering directory '/home/jsliang/GPU-DPO/build/CMakeFiles/CMakeScratch/TryCompile-hZ3Fma'
Building C object CMakeFiles/cmTC_f519b.dir/src.c.o
/home/tool/gcc/gcc-9.3.0/bin/x86_64-pc-linux-gnu-gcc   -DC_COMPILER_SUPPORTS__-std=c++17 -std=c++17 -o CMakeFiles/cmTC_f519b.dir/src.c.o -c /home/jsliang/GPU-DPO/build/CMakeFiles/CMakeScratch/TryCompile-hZ3Fma/src.c
cc1: warning: command line option '-std=c++17' is valid for C++/ObjC++ but not for C
<command-line>: warning: ISO C99 requires whitespace after the macro name
Linking C executable cmTC_f519b
/home/tool/cmake/cmake-3.25.1-linux-x86_64/bin/cmake -E cmake_link_script CMakeFiles/cmTC_f519b.dir/link.txt --verbose=1
/home/tool/gcc/gcc-9.3.0/bin/x86_64-pc-linux-gnu-gcc CMakeFiles/cmTC_f519b.dir/src.c.o -o cmTC_f519b 
gmake[1]: Leaving directory '/home/jsliang/GPU-DPO/build/CMakeFiles/CMakeScratch/TryCompile-hZ3Fma'


Source file was:
int main(void) { return 0; }

Performing C SOURCE FILE Test C_COMPILER_SUPPORTS__-std=c++17 failed with the following output:
Change Dir: /home/jsliang/GPU-DPO/build/CMakeFiles/CMakeScratch/TryCompile-NVVTlz

Run Build Command(s):/usr/bin/gmake -f Makefile cmTC_1c670/fast && /usr/bin/gmake  -f CMakeFiles/cmTC_1c670.dir/build.make CMakeFiles/cmTC_1c670.dir/build
gmake[1]: Entering directory '/home/jsliang/GPU-DPO/build/CMakeFiles/CMakeScratch/TryCompile-NVVTlz'
Building C object CMakeFiles/cmTC_1c670.dir/src.c.o
/home/tool/gcc/gcc-9.3.0/bin/x86_64-pc-linux-gnu-gcc   -DC_COMPILER_SUPPORTS__-std=c++17 -std=c++17 -o CMakeFiles/cmTC_1c670.dir/src.c.o -c /home/jsliang/GPU-DPO/build/CMakeFiles/CMakeScratch/TryCompile-NVVTlz/src.c
cc1: warning: command line option '-std=c++17' is valid for C++/ObjC++ but not for C
<command-line>: warning: ISO C99 requires whitespace after the macro name
Linking C executable cmTC_1c670
/home/tool/cmake/cmake-3.25.1-linux-x86_64/bin/cmake -E cmake_link_script CMakeFiles/cmTC_1c670.dir/link.txt --verbose=1
/home/tool/gcc/gcc-9.3.0/bin/x86_64-pc-linux-gnu-gcc CMakeFiles/cmTC_1c670.dir/src.c.o -o cmTC_1c670 
gmake[1]: Leaving directory '/home/jsliang/GPU-DPO/build/CMakeFiles/CMakeScratch/TryCompile-NVVTlz'


Source file was:
int main(void) { return 0; }

Performing C SOURCE FILE Test C_COMPILER_SUPPORTS__-std=c++17 failed with the following output:
Change Dir: /home/jsliang/GPU-DPO/build/CMakeFiles/CMakeScratch/TryCompile-s3dqxQ

Run Build Command(s):/usr/bin/gmake -f Makefile cmTC_84c51/fast && /usr/bin/gmake  -f CMakeFiles/cmTC_84c51.dir/build.make CMakeFiles/cmTC_84c51.dir/build
gmake[1]: Entering directory '/home/jsliang/GPU-DPO/build/CMakeFiles/CMakeScratch/TryCompile-s3dqxQ'
Building C object CMakeFiles/cmTC_84c51.dir/src.c.o
/home/tool/gcc/gcc-9.3.0/bin/x86_64-pc-linux-gnu-gcc   -DC_COMPILER_SUPPORTS__-std=c++17 -std=c++17 -o CMakeFiles/cmTC_84c51.dir/src.c.o -c /home/jsliang/GPU-DPO/build/CMakeFiles/CMakeScratch/TryCompile-s3dqxQ/src.c
cc1: warning: command line option '-std=c++17' is valid for C++/ObjC++ but not for C
<command-line>: warning: ISO C99 requires whitespace after the macro name
Linking C executable cmTC_84c51
/home/tool/cmake/cmake-3.25.1-linux-x86_64/bin/cmake -E cmake_link_script CMakeFiles/cmTC_84c51.dir/link.txt --verbose=1
/home/tool/gcc/gcc-9.3.0/bin/x86_64-pc-linux-gnu-gcc CMakeFiles/cmTC_84c51.dir/src.c.o -o cmTC_84c51 
gmake[1]: Leaving directory '/home/jsliang/GPU-DPO/build/CMakeFiles/CMakeScratch/TryCompile-s3dqxQ'


Source file was:
int main(void) { return 0; }

